Flutter crash report.
Please report a bug at https://github.com/flutter/flutter/issues.

## command

flutter build apk --debug

## exception

ProcessPackageException: ProcessException: Found candidates, but lacked sufficient permissions to execute "/mnt/sdcard/Download/flutter-messenger-work/android/gradlew".
  Command: /mnt/sdcard/Download/flutter-messenger-work/android/gradlew 

```
#0      LocalProcessManager.start (package:process/src/interface/local_process_manager.dart:56:7)
#1      ErrorHandlingProcessManager.start.<anonymous closure> (package:flutter_tools/src/base/error_handling_io.dart:1284:26)
#2      _run (package:flutter_tools/src/base/error_handling_io.dart:1052:22)
#3      ErrorHandlingProcessManager.start (package:flutter_tools/src/base/error_handling_io.dart:1282:12)
#4      _DefaultProcessUtils.start (package:flutter_tools/src/base/process.dart:538:28)
#5      _DefaultProcessUtils.stream (package:flutter_tools/src/base/process.dart:558:35)
#6      AndroidGradleBuilder._runGradleTask (package:flutter_tools/src/android/gradle.dart:352:38)
#7      AndroidGradleBuilder.buildGradleApp (package:flutter_tools/src/android/gradle.dart:629:32)
<asynchronous suspension>
#8      AndroidGradleBuilder.buildApk (package:flutter_tools/src/android/gradle.dart:246:5)
<asynchronous suspension>
#9      BuildApkCommand.runCommand (package:flutter_tools/src/commands/build_apk.dart:132:5)
<asynchronous suspension>
#10     FlutterCommand.run.<anonymous closure> (package:flutter_tools/src/runner/flutter_command.dart:1663:27)
<asynchronous suspension>
#11     AppContext.run.<anonymous closure> (package:flutter_tools/src/base/context.dart:154:19)
<asynchronous suspension>
#12     CommandRunner.runCommand (package:args/command_runner.dart:212:13)
<asynchronous suspension>
#13     FlutterCommandRunner.runCommand.<anonymous closure> (package:flutter_tools/src/runner/flutter_command_runner.dart:496:9)
<asynchronous suspension>
#14     AppContext.run.<anonymous closure> (package:flutter_tools/src/base/context.dart:154:19)
<asynchronous suspension>
#15     FlutterCommandRunner.runCommand (package:flutter_tools/src/runner/flutter_command_runner.dart:431:5)
<asynchronous suspension>
#16     FlutterCommandRunner.run.<anonymous closure> (package:flutter_tools/src/runner/flutter_command_runner.dart:307:33)
<asynchronous suspension>
#17     run.<anonymous closure>.<anonymous closure> (package:flutter_tools/runner.dart:104:11)
<asynchronous suspension>
#18     AppContext.run.<anonymous closure> (package:flutter_tools/src/base/context.dart:154:19)
<asynchronous suspension>
#19     main (package:flutter_tools/executable.dart:103:3)
<asynchronous suspension>
```

## flutter doctor

```
[33m[!][39m Flutter (Channel [user-branch], 3.47.1, on Debian
    GNU/Linux 13 (trixie) 6.17.0-PRoot-Distro, locale
    en_US) [308ms]
    [33m![39m Flutter version 3.47.1 on channel [user-branch]
      at /root/flutter
      Currently on an unknown channel. Run `flutter
      channel` to switch to an official channel.
      If that doesn't fix the issue, try deleting the
      'bin/cache/flutter.version.json' file in your
      Flutter SDK directory and then reinstall Flutter
      by following instructions at
      https://flutter.dev/setup.
    [33m![39m The flutter binary is not on your path. Consider
      adding /root/flutter/bin to your path.
    [33m![39m Warning: `dart` on your path resolves to
      /data/data/com.termux/files/usr/bin/dart, which
      is not inside your current Flutter SDK checkout
      at /root/flutter. Consider adding
      /root/flutter/bin to the front of your path.
    [32m•[39m Upstream repository
      https://github.com/flutter/flutter.git
    [32m•[39m Framework revision 6655482ec0 (5 days ago),
      2026-08-19 10:07:23 -0700
    [32m•[39m Engine revision 5d53178869
    [32m•[39m Dart version 3.13.1
    [32m•[39m DevTools version 2.60.0
    [32m•[39m Feature flags: enable-web, enable-linux-desktop,
      enable-macos-desktop, enable-windows-desktop,
      enable-android, enable-ios, cli-animations,
      enable-native-assets, enable-record-use,
      enable-swift-package-manager,
      omit-legacy-version-file, enable-lldb-debugging,
      enable-uiscene-migration, enable-riscv64
    [32m•[39m If those were intentional, you can disregard the
      above warnings; however it is recommended to use
      "git" directly to perform update checks and
      upgrades.

[32m[✓][39m Android toolchain - develop for Android devices
    (Android SDK version 35.0.0) [9.1s]
    [32m•[39m Android SDK at
      /data/data/com.termux/files/home/android-sdk
    [32m•[39m Emulator version unknown
    [32m•[39m Platform android-36, build-tools 35.0.0
    [32m•[39m Java binary at:
      /data/data/com.termux/files/usr/bin/java
      This JDK was found in the system PATH.
      To manually set the JDK path, use: `flutter
      config --jdk-dir="path/to/jdk"`.
    [32m•[39m Java version OpenJDK Runtime Environment (build
      21.0.11)
    [32m•[39m All Android licenses accepted.

[31m[✗][39m Chrome - develop for the web (Cannot find Chrome
    executable at google-chrome) [1,040ms]
    [33m![39m Cannot find Chrome. Try setting CHROME_EXECUTABLE
      to a Chrome executable.

[31m[✗][39m Linux toolchain - develop for Linux desktop
    [1,806ms]
    [32m•[39m Debian clang version 19.1.7 (3+b1)
    [32m•[39m cmake version 3.31.6
    [32m•[39m ninja version 1.12.1
    [32m•[39m pkg-config version 1.8.1
    [31m✗[39m GTK 3.0 development libraries are required for
      Linux development.
      They are likely available from your distribution
      (e.g.: apt install libgtk-3-dev)
    [33m![39m Unable to access driver information using
      'eglinfo'.
      It is likely available from your distribution
      (e.g.: apt install mesa-utils)

[32m[✓][39m Connected device (1 available) [1,387ms]
    [32m•[39m Linux (desktop) • linux • linux-arm64 • Debian
      GNU/Linux 13 (trixie) 6.17.0-PRoot-Distro

[32m[✓][39m Network resources [2.0s]
    [32m•[39m All expected network resources are available.

[33m![39m Doctor found issues in 3 categories.
```
